2026-03-08 18:59:50,306 | INFO | Opening login page
2026-03-08 19:00:04,431 | INFO | Entering username
2026-03-08 19:00:08,103 | INFO | Entering password
2026-03-08 19:00:08,137 | INFO | Clicking login button
2026-03-08 19:00:21,813 | INFO | Waiting for dashboard page
2026-03-08 19:12:49,687 | INFO | utils.logger | Opening login page
2026-03-08 19:12:55,906 | INFO | utils.logger | Entering username
2026-03-08 19:12:56,943 | INFO | utils.logger | Entering password
2026-03-08 19:12:56,975 | INFO | utils.logger | Clicking login button
2026-03-08 19:12:58,861 | INFO | utils.logger | Waiting for dashboard page
2026-03-08 19:19:21,441 | INFO | utils.logger | Opening login page
2026-03-08 19:19:23,764 | INFO | utils.logger | Opening login page
2026-03-08 19:19:25,067 | INFO | utils.logger | Opening login page
